---
source: tests/tui_snapshot_test.rs
expression: "format!(\"{}\", terminal.backend())"
---
"┌ LimitLane TUI v0.1.0 ────────────────────────────────────┐"
"│ [1] Dashboard │ [2] Details │ [3] Credits │ [4] Accounts │"
"└──────────────────────────────────────────────────────────┘"
"┌ Accounts Dashboard (2) [Compact]─────────────────────────┐"
"│Provider     Account           Used %       Reset         │"
"│                                                          │"
"│claude       Work Claude       42.5%        Reset now     │"
"│codex        codex_user@ex...  88.0%        Reset now     │"
"│                                                          │"
"│                                                          │"
"│                                                          │"
"│                                                          │"
"│                                                          │"
"│                                                          │"
"│                                                          │"
"│                                                          │"
"│                                                          │"
"│                                                          │"
"│                                                          │"
"│                                                          │"
"│                                                          │"
"│                                                          │"
"└──────────────────────────────────────────────────────────┘"
" Keybindings: [j/k/↑/↓] Select | [Enter/d] Details | [Tab] S"
