---
source: tests/tui_snapshot_test.rs
expression: "format!(\"{}\", terminal.backend())"
---
"┌ LimitLane TUI v0.1.0 ────────────────────────────────────────────────────────┐"
"│ [1] Dashboard │ [2] Details │ [3] Credits │ [4] Accounts │ [5] Filters │ [?] │"
"└──────────────────────────────────────────────────────────────────────────────┘"
"┌ Account Details: acc_claude_1 ───────────────────────────────────────────────┐"
"│ID: acc_claude_1 | Provider: claude | Identity: developer@example.com         │"
"│Alias: Work Claude                                                            │"
"│Health: Ready | Last Refresh: 2026-07-24 12:00:00 UTC                         │"
"│Observation Source: Direct | Confidence: High                                 │"
"└──────────────────────────────────────────────────────────────────────────────┘"
"┌ Limiting & Usage Windows ────────────────────────────────────────────────────┐"
"│Window Label     Scope           Type         Enforceme Used %     Reset At   │"
"│                                                                              │"
"│5-hour session   AllAccountUsage Rolling      Hard      42.5%      2026-07-24 │"
"│                                                                              │"
"│                                                                              │"
"│                                                                              │"
"└──────────────────────────────────────────────────────────────────────────────┘"
"┌ Additional Usage & Shared Pool ──────────────────────────────────────────────┐"
"│No additional usage or credit pool configured for this account.               │"
"│                                                                              │"
"│                                                                              │"
"│                                                                              │"
"└──────────────────────────────────────────────────────────────────────────────┘"
" Keybindings: [j/k/↑/↓] Select | [Enter/d] Details | [Tab] Switch Tab | [r] Refr"
